// Jest Snapshot v1, https://goo.gl/fbAQLP

exports[`Render Subscribe => renders correctly 1`] = `
.c5 {
  display: inline-block;
  top: 0;
}

.c6.c6 {
  width: 50vw;
  max-width: 352px;
  height: 56px;
  font-size: 1.6rem;
  padding-top: 0;
  background-color: #FFF;
  margin: 0 0.5em 0 auto;
}

.c6.c6:hover {
  border-width: 2px;
}

.c0 {
  margin-top: 2rem;
  width: 100%;
}

.c4 {
  margin-top: 1rem;
  width: 100%;
  display: -webkit-box;
  display: -webkit-flex;
  display: -ms-flexbox;
  display: flex;
  -webkit-box-pack: center;
  -webkit-justify-content: center;
  -ms-flex-pack: center;
  justify-content: center;
  -webkit-align-items: center;
  -webkit-box-align: center;
  -ms-flex-align: center;
  align-items: center;
}

.c1 {
  opacity: 0.6;
  font-size: 1em;
  color: #000000;
  -webkit-letter-spacing: 0.36px;
  -moz-letter-spacing: 0.36px;
  -ms-letter-spacing: 0.36px;
  letter-spacing: 0.36px;
  margin-bottom: 0;
}

.c3 {
  font-weight: bold;
}

.c7.c7 {
  width: 120px;
  height: 56px;
  font-size: 1em;
  border-width: 0;
  display: inline-block;
  text-transform: lowercase;
  color: #FFF;
  background-color: #5856d6;
}

.c7.c7:hover {
  background-color: #5856d6 !important;
  -webkit-box-shadow: 0.75px 0.75px 5.5px 0.75px rgba(0,0,0,0.45);
  -moz-box-shadow: 0.75px 0.75px 5.5px 0.75px rgba(0,0,0,0.45);
  box-shadow: 0.75px 0.75px 5.5px 0.75px rgba(0,0,0,0.45);
}

.c2 {
  display: inline;
}

@media (max-width:768px) {
  .c2 {
    display: block;
  }
}

<div
  className="c0"
>
  <div
    className="c1"
  >
    <div
      className="c2"
    >
      Please subscribe to get 
    </div>
    <div
      className="c2"
    >
      <span
        className="c3"
      >
        free 3 month usage.
        <span
          aria-label="money"
          role="img"
        >
          💰💰💰
        </span>
      </span>
    </div>
  </div>
  <div
    className="c4"
  >
    <div
      className="c5"
    >
      <div
        className="MuiFormControl-root MuiTextField-root c6 MuiFormControl-marginNormal"
        data-testid="textfield"
      >
        <label
          className="MuiFormLabel-root MuiInputLabel-root MuiInputLabel-formControl MuiInputLabel-animated MuiInputLabel-outlined"
          data-shrink={false}
          htmlFor="standard-name"
        >
          Email
        </label>
        <div
          className="MuiInputBase-root MuiOutlinedInput-root MuiInputBase-formControl"
          onClick={[Function]}
        >
          <fieldset
            aria-hidden={true}
            className="PrivateNotchedOutline-root-141 MuiOutlinedInput-notchedOutline"
            style={
              Object {
                "paddingLeft": 8,
              }
            }
          >
            <legend
              className="PrivateNotchedOutline-legend-142"
              style={
                Object {
                  "width": 0.01,
                }
              }
            >
              <span
                dangerouslySetInnerHTML={
                  Object {
                    "__html": "&#8203;",
                  }
                }
              />
            </legend>
          </fieldset>
          <input
            aria-invalid={false}
            autoComplete="email"
            className="MuiInputBase-input MuiOutlinedInput-input"
            disabled={false}
            id="standard-name"
            name="email"
            onBlur={[Function]}
            onChange={[Function]}
            onFocus={[Function]}
            placeholder="your@verdoc.io"
            required={false}
            type="email"
            value=""
          />
        </div>
        
      </div>
    </div>
    <button
      className="MuiButtonBase-root MuiButton-root c7 MuiButton-outlined MuiButton-sizeLarge"
      data-testid="btn_submit"
      disabled={false}
      onBlur={[Function]}
      onClick={[Function]}
      onDragEnd={[Function]}
      onFocus={[Function]}
      onKeyDown={[Function]}
      onKeyUp={[Function]}
      onMouseDown={[Function]}
      onMouseLeave={[Function]}
      onMouseUp={[Function]}
      onTouchEnd={[Function]}
      onTouchMove={[Function]}
      onTouchStart={[Function]}
      tabIndex={0}
      type="button"
    >
      <span
        className="MuiButton-label"
      >
        subscribe
      </span>
    </button>
  </div>
</div>
`;
